// Jest Snapshot v1, https://goo.gl/fbAQLP

exports[`Testing in <QuestionnaireAnx /> should show the component correctly 1`] = `
<div
  className="card border-secondary mb-3"
>
  <div
    className="card-header"
  >
    Pregunta 
    1
  </div>
  <div
    className="card-body"
  >
    <p
      className="card-text"
    >
      ¿Está usted bien?
    </p>
    <div
      className="form-group"
      onChange={[Function]}
      style={
        Object {
          "display": "flex",
          "justifyContent": "space-around",
        }
      }
    >
      <div
        className="form-check"
      >
        <label
          className="form-check-label"
        >
          <input
            checked={false}
            className="form-check-input"
            type="radio"
            value="0"
          />
          <span>
            1
          </span>
        </label>
      </div>
      <div
        className="form-check"
      >
        <label
          className="form-check-label"
        >
          <input
            checked={false}
            className="form-check-input"
            type="radio"
            value="2"
          />
          <span>
            2
          </span>
        </label>
      </div>
      <div
        className="form-check"
      >
        <label
          className="form-check-label"
        >
          <input
            checked={false}
            className="form-check-input"
            type="radio"
            value="3"
          />
          <span>
            3
          </span>
        </label>
      </div>
      <div
        className="form-check"
      >
        <label
          className="form-check-label"
        >
          <input
            checked={false}
            className="form-check-input"
            type="radio"
            value="4"
          />
          <span>
            4
          </span>
        </label>
      </div>
      <div
        className="form-check"
      >
        <label
          className="form-check-label"
        >
          <input
            checked={false}
            className="form-check-input"
            type="radio"
            value="5"
          />
          <span>
            5
          </span>
        </label>
      </div>
    </div>
  </div>
</div>
`;
